Microchip MPLAB XC8 Compiler V2.10 ()

Linker command line:

-W-3 --edf=E:\Program Files (x86)\Microchip\xc8\v2.10\pic\dat\en_msgs.txt \
  -cs -h+dist/default/debug\CncProject.X.debug.sym \
  --cmf=dist/default/debug\CncProject.X.debug.cmf -z -Q18F4520 \
  -oC:\Users\BYRFB~1\AppData\Local\Temp\sc9g.2 --defsym=__MPLAB_BUILD=1 \
  -Mdist/default/debug/CncProject.X.debug.map -E1 -ver=XC8 --acfsm=1493 \
  -ASTACK=01D9h-05FFh -pstack=STACK -ACODE=00h-07FFFh -ACONST=00h-07FFFh \
  -ASMALLCONST=0600h-06FFhx122 -AMEDIUMCONST=0600h-07FFFh -ACOMRAM=01h-07Fh \
  -AABS1=00h-05FFh -ABIGRAM=01h-05FFh -ARAM=080h-0FFh,0100h-01FFhx5 \
  -ABANK0=080h-0FFh -ABANK1=0100h-01FFh -ABANK2=0200h-02FFh \
  -ABANK3=0300h-03FFh -ABANK4=0400h-04FFh -ABANK5=0500h-05FFh \
  -ASFR=0F80h-0FFFh -preset_vec=00h,intcode=08h,intcodelo,powerup,init \
  -pramtop=0600h -psmallconst=SMALLCONST -pmediumconst=MEDIUMCONST \
  -pconst=CONST -AFARRAM=00h-00h -ACONFIG=0300000h-030000Dh -pconfig=CONFIG \
  -AIDLOC=0200000h-0200007h -pidloc=IDLOC -AEEDATA=0F00000h-0F000FFh \
  -peeprom_data=EEDATA \
  -prdata=COMRAM,nvrram=COMRAM,nvbit=COMRAM,rbss=COMRAM,rbit=COMRAM \
  -pfarbss=FARRAM,fardata=FARRAM,nvFARRAM=FARRAM \
  -pintsave_regs=BIGRAM,bigbss=BIGRAM,bigdata=BIGRAM -pbss=RAM \
  -pidata=CODE,irdata=CODE,ibigdata=CODE,ifardata=CODE -prparam=COMRAM \
  C:\Users\BYRFB~1\AppData\Local\Temp\sc9g.o \
  dist/default/debug\CncProject.X.debug.o 

Object code version is 3.11

Machine type is 18F4520

Call graph: (short form)




                Name                               Link     Load   Length Selector   Space Scale
C:\Users\BYRFB~1\AppData\Local\Temp\sc9g.o
                init                                  E        E        4        4       0
                reset_vec                             0        0        4        0       0
                idloc                            200000   200000        8   200000       0
                config                           300000   300000        E   300000       0
dist/default/debug\CncProject.X.debug.o
                intcode                               8        8        6        4       0
                temp                                 60       60        1        1       1
                smallconst                          600      600       A8      300       0
                text72                             3236     3236       1C      354       0
                text71                             32A0     32A0       1A      354       0
                text70                             28F4     28F4       BA      354       0
                text69                             3362     3362        C      354       0
                text68                             3356     3356        C      354       0
                text67                             334A     334A        C      354       0
                text66                             333E     333E        C      354       0
                text65                             3332     3332        C      354       0
                text64                             2F7A     2F7A       34      354       0
                text63                             30B6     30B6       2A      354       0
                text62                             308C     308C       2A      354       0
                text61                             2D06     2D06       6A      354       0
                text60                             3286     3286       1A      354       0
                intcode_body                       256C     256C       FC      354       0
                text58                             339A     339A        4      354       0
                text57                             2FAE     2FAE       2E      354       0
                text56                             3216     3216       20      354       0
                text55                             3174     3174       22      354       0
                text54                             3396     3396        4      354       0
                text53                             3392     3392        4      354       0
                text52                             338E     338E        4      354       0
                text51                             338A     338A        4      354       0
                text50                             3386     3386        4      354       0
                text49                             3382     3382        4      354       0
                text48                             337E     337E        4      354       0
                text47                             337A     337A        4      354       0
                text46                             3376     3376        4      354       0
                text45                             2F44     2F44       36      354       0
                text44                             2C92     2C92       74      354       0
                text43                             326C     326C       1A      354       0
                text42                             31F6     31F6       20      354       0
                text41                             331A     331A       18      354       0
                text40                             3302     3302       18      354       0
                text39                             32EA     32EA       18      354       0
                text38                             32D2     32D2       18      354       0
                text37                             32BA     32BA       18      354       0
                text36                             2F0E     2F0E       36      354       0
                text35                             3060     3060       2C      354       0
                text34                             3034     3034       2C      354       0
                text33                             2A32     2A32       7E      354       0
                text32                             3252     3252       1A      354       0
                text31                             2E14     2E14       44      354       0
                text30                             2B2C     2B2C       7C      354       0
                text29                             31D6     31D6       20      354       0
                text28                             2AB0     2AB0       7C      354       0
                text27                             1BDE     1BDE      39C      354       0
                text26                             2466     2466      106      354       0
                text25                             17B2     17B2      42C      354       0
                text24                             12F0     12F0      4C2      354       0
                text23                             2DCC     2DCC       48      354       0
                text22                             235E     235E      108      354       0
                text21                             1F7A     1F7A      1B8      354       0
                text20                             2E58     2E58       42      354       0
                text19                              6A8      6A8      C48      354       0
                text18                             2668     2668       E6      354       0
                text17                             2ED8     2ED8       36      354       0
                text16                             31B6     31B6       20      354       0
                text15                             274E     274E       DE      354       0
                text14                             2250     2250      10E      354       0
                text13                             2C1E     2C1E       74      354       0
                text12                             336E     336E        8      354       0
                text11                             282C     282C       C8      354       0
                text10                             2E9A     2E9A       3E      354       0
                text9                              2132     2132      11E      354       0
                text8                              3196     3196       20      354       0
                text7                              2D70     2D70       5C      354       0
                text6                              312C     312C       26      354       0
                text5                              3008     3008       2C      354       0
                text4                              2FDC     2FDC       2C      354       0
                text3                              2BA8     2BA8       76      354       0
                text2                              3106     3106       26      354       0
                text1                              29AE     29AE       84      354       0
                text0                              3152     3152       22      354       0
                cstackCOMRAM                          1        1       31        1       1
                cstackBANK0                          80       80       5E       80       1
                cstackBANK1                         171      171       68      100       1
                bssBANK1                            100      100       71      100       1
                bssCOMRAM                            32       32       2E        1       1
                cinit                              30E0     30E0       26      354       0

TOTAL           Name                               Link     Load   Length     Space
        CLASS   STACK          

        CLASS   CODE           
                intcode                               8        8        6         0
                init                                  E        E        4         0
                reset_vec                             0        0        4         0
                text72                             3236     3236       1C         0
                text71                             32A0     32A0       1A         0
                text70                             28F4     28F4       BA         0
                text69                             3362     3362        C         0
                text68                             3356     3356        C         0
                text67                             334A     334A        C         0
                text66                             333E     333E        C         0
                text65                             3332     3332        C         0
                text64                             2F7A     2F7A       34         0
                text63                             30B6     30B6       2A         0
                text62                             308C     308C       2A         0
                text61                             2D06     2D06       6A         0
                text60                             3286     3286       1A         0
                intcode_body                       256C     256C       FC         0
                text58                             339A     339A        4         0
                text57                             2FAE     2FAE       2E         0
                text56                             3216     3216       20         0
                text55                             3174     3174       22         0
                text54                             3396     3396        4         0
                text53                             3392     3392        4         0
                text52                             338E     338E        4         0
                text51                             338A     338A        4         0
                text50                             3386     3386        4         0
                text49                             3382     3382        4         0
                text48                             337E     337E        4         0
                text47                             337A     337A        4         0
                text46                             3376     3376        4         0
                text45                             2F44     2F44       36         0
                text44                             2C92     2C92       74         0
                text43                             326C     326C       1A         0
                text42                             31F6     31F6       20         0
                text41                             331A     331A       18         0
                text40                             3302     3302       18         0
                text39                             32EA     32EA       18         0
                text38                             32D2     32D2       18         0
                text37                             32BA     32BA       18         0
                text36                             2F0E     2F0E       36         0
                text35                             3060     3060       2C         0
                text34                             3034     3034       2C         0
                text33                             2A32     2A32       7E         0
                text32                             3252     3252       1A         0
                text31                             2E14     2E14       44         0
                text30                             2B2C     2B2C       7C         0
                text29                             31D6     31D6       20         0
                text28                             2AB0     2AB0       7C         0
                text27                             1BDE     1BDE      39C         0
                text26                             2466     2466      106         0
                text25                             17B2     17B2      42C         0
                text24                             12F0     12F0      4C2         0
                text23                             2DCC     2DCC       48         0
                text22                             235E     235E      108         0
                text21                             1F7A     1F7A      1B8         0
                text20                             2E58     2E58       42         0
                text19                              6A8      6A8      C48         0
                text18                             2668     2668       E6         0
                text17                             2ED8     2ED8       36         0
                text16                             31B6     31B6       20         0
                text15                             274E     274E       DE         0
                text14                             2250     2250      10E         0
                text13                             2C1E     2C1E       74         0
                text12                             336E     336E        8         0
                text11                             282C     282C       C8         0
                text10                             2E9A     2E9A       3E         0
                text9                              2132     2132      11E         0
                text8                              3196     3196       20         0
                text7                              2D70     2D70       5C         0
                text6                              312C     312C       26         0
                text5                              3008     3008       2C         0
                text4                              2FDC     2FDC       2C         0
                text3                              2BA8     2BA8       76         0
                text2                              3106     3106       26         0
                text1                              29AE     29AE       84         0
                text0                              3152     3152       22         0
                cinit                              30E0     30E0       26         0

        CLASS   CONST          

        CLASS   SMALLCONST     
                smallconst                          600      600       A8         0

        CLASS   MEDIUMCONST    

        CLASS   COMRAM         
                temp                                 60       60        1         1
                cstackCOMRAM                          1        1       31         1
                bssCOMRAM                            32       32       2E         1

        CLASS   ABS1           

        CLASS   BIGRAM         

        CLASS   RAM            

        CLASS   BANK0          
                cstackBANK0                          80       80       5E         1

        CLASS   BANK1          
                cstackBANK1                         171      171       68         1
                bssBANK1                            100      100       71         1

        CLASS   BANK2          

        CLASS   BANK3          

        CLASS   BANK4          

        CLASS   BANK5          

        CLASS   SFR            

        CLASS   FARRAM         

        CLASS   CONFIG         
                config                           300000   300000        E         0

        CLASS   IDLOC          
                idloc                            200000   200000        8         0

        CLASS   EEDATA         



SEGMENTS        Name                           Load    Length   Top    Selector   Space  Class

                reset_vec                      000000  000004  000004         0       0  CODE    
                cstackCOMRAM                   000001  000060  000061         1       1  COMRAM  
                intcode                        000008  00000A  000012         4       0  CODE    
                cstackBANK0                    000080  00005E  0000DE        80       1  BANK0   
                bssBANK1                       000100  0000D9  0001D9       100       1  BANK1   
                smallconst                     000600  0000A8  0006A8       300       0  SMALLCON
                text19                         0006A8  002CF6  00339E       354       0  CODE    
                idloc                          200000  000008  200008    200000       0  IDLOC   
                config                         300000  00000E  30000E    300000       0  CONFIG  


UNUSED ADDRESS RANGES

        Name                Unused          Largest block    Delta
        BANK0            0000DE-0000FF               22
        BANK1            0001D9-0001FF               27
        BANK2            000200-0002FF              100
        BANK3            000300-0003FF              100
        BANK4            000400-0004FF              100
        BANK5            000500-0005FF              100
        BIGRAM           000061-00007F               1F
                         0000DE-0000FF               22
                         0001D9-0005FF              427
        CODE             000004-000007                4
                         000012-0005FF              5EE
                         00339E-007FFF             4C62
        COMRAM           000061-00007F               1F
        CONST            000004-000007                4
                         000012-0005FF              5EE
                         00339E-007FFF             4C62
        EEDATA           F00000-F000FF              100
        MEDIUMCONST      00339E-007FFF             4C62
        RAM              0000DE-0000FF               22
                         0001D9-0005FF              100
        SFR              000F80-000FFF               80
        SMALLCONST       00339E-007FFF              100
        STACK            0001D9-0005FF              427

                                  Symbol Table

?_Application_init                                    cstackBANK1  0001D7
?_Button_init                                         cstackBANK0  000080
?_Button_isPressed                                    cstackBANK0  000087
?_DigitalInput_getValue                               cstackBANK0  000083
?_DigitalInput_init                                   cstackBANK0  000080
?_DigitalOutput_init                                  cstackBANK0  000080
?_Engine_getCurrentCoord                              cstackBANK0  000080
?_Engine_getDestinationCoord                          cstackBANK0  000080
?_Engine_getStepPerMetrice                            cstackBANK0  000080
?_Engine_init                                         cstackBANK0  000080
?_Led_init                                            cstackBANK0  000080
?_MotionController_getCurrentCoord                    cstackBANK0  00009C
?_MotionController_getDestinationCoord                cstackBANK0  00009C
?_MotionController_init                               cstackBANK0  0000A4
?_Point_init3D                                        cstackBANK0  000084
?_USARTDataReady                                      cstackCOMRAM 000001
?___aldiv                                             cstackBANK0  000080
?___fladd                                             cstackBANK0  000080
?___fldiv                                             cstackBANK0  000080
?___flmul                                             cstackBANK0  000084
?___flsub                                             cstackBANK0  000090
?___fltol                                             cstackBANK0  000098
?___xxtofl                                            cstackBANK0  0000A6
?_abs                                                 cstackBANK0  0000A2
?_button1Read                                         cstackBANK0  000080
?_calculateSpbrg                                      cstackBANK0  00008E
Application_init@app                                  cstackBANK0  0000DA
Application_loop@app                                  cstackBANK0  00008C
Button_init@buton                                     cstackBANK0  000084
Button_init@input                                     cstackBANK0  000080
Button_init@onPressed                                 cstackBANK0  000082
Button_isPressed@button                               cstackBANK0  000087
Button_isPressed@value                                cstackBANK0  000089
DigitalInput_getValue@input                           cstackBANK0  000083
DigitalInput_getValue@val                             cstackBANK0  000085
DigitalInput_init@init                                cstackBANK0  000080
DigitalInput_init@input                               cstackBANK0  000084
DigitalInput_init@read                                cstackBANK0  000082
DigitalOutput_close@output                            cstackBANK0  000088
DigitalOutput_init@init                               cstackBANK0  000080
DigitalOutput_init@output                             cstackBANK0  000084
DigitalOutput_init@set                                cstackBANK0  000082
DigitalOutput_open@output                             cstackBANK0  000088
DigitalOutput_set@outputable                          cstackBANK0  000084
DigitalOutput_set@value                               cstackBANK0  000086
Engine_getCurrentCoord@engine                         cstackBANK0  000080
Engine_getDestinationCoord@engine                     cstackBANK0  000080
Engine_getStepPerMetrice@engine                       cstackBANK0  000080
Engine_init@dirOutput                                 cstackBANK0  000082
Engine_init@engine                                    cstackBANK0  000092
Engine_init@motionOutput                              cstackBANK0  000080
Engine_setStepPerMetrice@engine                       cstackBANK0  000080
Engine_setStepPerMetrice@stepPerMm                    cstackBANK0  000082
Engine_step@dir                                       cstackBANK0  00008C
Engine_step@engine                                    cstackBANK0  00008A
ISR@F3535                                             bssBANK1     000100
ISR@tmp                                               cstackCOMRAM 00001E
Led_close@led                                         cstackBANK0  00008A
Led_init@led                                          cstackBANK0  000084
Led_init@output                                       cstackBANK0  000080
Led_open@led                                          cstackBANK0  00008A
MotionController_control@currentCoord                 cstackBANK1  0001B3
MotionController_control@destinationCoord             cstackBANK1  0001BF
MotionController_control@dx                           cstackBANK1  000189
MotionController_control@dy                           cstackBANK1  00018D
MotionController_control@dz                           cstackBANK1  000191
MotionController_control@intDx                        cstackBANK1  0001CF
MotionController_control@intDy                        cstackBANK1  0001D3
MotionController_control@intDz                        cstackBANK1  0001CB
MotionController_control@motionController             cstackBANK0  0000B4
MotionController_control@p1                           cstackBANK1  000195
MotionController_control@p1_859                       cstackBANK1  00019D
MotionController_control@p1_863                       cstackBANK1  0001A5
MotionController_control@p2                           cstackBANK1  000199
MotionController_control@p2_860                       cstackBANK1  0001A1
MotionController_control@p2_864                       cstackBANK1  0001A9
MotionController_control@rateX                        cstackBANK1  000179
MotionController_control@rateX_862                    cstackBANK1  000185
MotionController_control@rateY                        cstackBANK1  000171
MotionController_control@rateY_861                    cstackBANK1  000181
MotionController_control@rateZ                        cstackBANK1  000175
MotionController_control@rateZ_858                    cstackBANK1  00017D
MotionController_control@xs                           cstackBANK1  0001AD
MotionController_control@ys                           cstackBANK1  0001AF
MotionController_control@zs                           cstackBANK1  0001B1
MotionController_getCurrentCoord@motionController     cstackBANK0  00009C
MotionController_getDestinationCoord@motionController cstackBANK0  00009C
MotionController_init@motionController                cstackBANK1  000171
Point_init3D@point                                    cstackBANK0  000090
Point_init3D@x                                        cstackBANK0  000084
Point_init3D@y                                        cstackBANK0  000088
Point_init3D@z                                        cstackBANK0  00008C
USARTInit@baudRate                                    cstackBANK0  00009C
USARTInit@usart                                       cstackBANK0  00009A
USARTReadString@buf                                   cstackCOMRAM 000004
USARTReadString@i                                     cstackCOMRAM 00000D
USARTReadString@max_length                            cstackCOMRAM 000006
USARTReadString@tmp                                   cstackCOMRAM 00000F
USARTWriteLine@ln                                     cstackBANK0  000082
USARTWriteString@str                                  cstackBANK0  000080
_Application_init                                     text9        002132
_Application_loop                                     text1        0029AE
_BRGH                                                 (abs)        007D62
_ButtonConfigurator_config                            text56       003216
_Button_init                                          text55       003174
_Button_isPressed                                     text6        00312C
_CARRY                                                (abs)        007EC0
_CREN                                                 (abs)        007D5C
_DigitalInput_getValue                                text7        002D70
_DigitalInput_init                                    text57       002FAE
_DigitalOutput_close                                  text35       003060
_DigitalOutput_init                                   text45       002F44
_DigitalOutput_open                                   text34       003034
_DigitalOutput_set                                    text36       002F0E
_EngineConfigurator_configEngines                     text18       002668
_Engine_getCurrentCoord                               text32       003252
_Engine_getDestinationCoord                           text29       0031D6
_Engine_getStepPerMetrice                             text42       0031F6
_Engine_init                                          text17       002ED8
_Engine_setStepPerMetrice                             text16       0031B6
_Engine_step                                          text33       002A32
_GIE                                                  (abs)        007F97
_ISR                                                  intcode      000008
_LATA                                                 (abs)        000F89
_LATB                                                 (abs)        000F8A
_LATBbits                                             (abs)        000F8A
_LATC                                                 (abs)        000F8B
_LATCbits                                             (abs)        000F8B
_LATD                                                 (abs)        000F8C
_LATDbits                                             (abs)        000F8C
_LATE                                                 (abs)        000F8D
_LedConfigurator_config                               text44       002C92
_Led_close                                            text5        003008
_Led_init                                             text43       00326C
_Led_open                                             text4        002FDC
_MotionController_control                             text19       0006A8
_MotionController_getCurrentCoord                     text30       002B2C
_MotionController_getDestinationCoord                 text28       002AB0
_MotionController_init                                text15       00274E
_OSCCON                                               (abs)        000FD3
_PEIE                                                 (abs)        007F96
_PIR1bits                                             (abs)        000F9E
_PORTDbits                                            (abs)        000F83
_Point_init3D                                         text31       002E14
_RCIE                                                 (abs)        007CED
_RCIF                                                 (abs)        007CF5
_RCREG                                                (abs)        000FAE
_SPBRG                                                (abs)        000FAF
_SPEN                                                 (abs)        007D5F
_SYNC                                                 (abs)        007D64
_TRISB0                                               (abs)        007C98
_TRISB1                                               (abs)        007C99
_TRISB2                                               (abs)        007C9A
_TRISC0                                               (abs)        007CA0
_TRISC1                                               (abs)        007CA1
_TRISC2                                               (abs)        007CA2
_TRISC3                                               (abs)        007CA3
_TRISC6                                               (abs)        007CA6
_TRISC7                                               (abs)        007CA7
_TRISD0                                               (abs)        007CA8
_TRISD1                                               (abs)        007CA9
_TRISD2                                               (abs)        007CAA
_TRISD5                                               (abs)        007CAD
_TRISD6                                               (abs)        007CAE
_TXEN                                                 (abs)        007D65
_TXIF                                                 (abs)        007CF4
_TXREG                                                (abs)        000FAD
_USARTDataReady                                       text72       003236
_USARTInit                                            text10       002E9A
_USARTReadByte                                        (abs)        000000
_USARTReadChar                                        text71       0032A0
_USARTReadString                                      text70       0028F4
_USARTWriteByte                                       (abs)        000000
_USARTWriteFloat                                      (abs)        000000
_USARTWriteInt                                        (abs)        000000
_USARTWriteLine                                       text2        003106
_USARTWriteLine$intlevel0                             text2        003110
_USARTWriteLong                                       (abs)        000000
_USARTWriteString                                     text3        002BA8
_USARTWriteString$intlevel0                           text3        002BB2
__CFG_BOREN$SBORDIS                                   (abs)        000000
__CFG_BORV$3                                          (abs)        000000
__CFG_CCP2MX$PORTC                                    (abs)        000000
__CFG_CP0$OFF                                         (abs)        000000
__CFG_CP1$OFF                                         (abs)        000000
__CFG_CP2$OFF                                         (abs)        000000
__CFG_CP3$OFF                                         (abs)        000000
__CFG_CPB$OFF                                         (abs)        000000
__CFG_CPD$OFF                                         (abs)        000000
__CFG_EBTR0$OFF                                       (abs)        000000
__CFG_EBTR1$OFF                                       (abs)        000000
__CFG_EBTR2$OFF                                       (abs)        000000
__CFG_EBTR3$OFF                                       (abs)        000000
__CFG_EBTRB$OFF                                       (abs)        000000
__CFG_FCMEN$OFF                                       (abs)        000000
__CFG_IESO$OFF                                        (abs)        000000
__CFG_LPT1OSC$OFF                                     (abs)        000000
__CFG_LVP$ON                                          (abs)        000000
__CFG_MCLRE$OFF                                       (abs)        000000
__CFG_OSC$INTIO67                                     (abs)        000000
__CFG_PBADEN$OFF                                      (abs)        000000
__CFG_PWRT$OFF                                        (abs)        000000
__CFG_STVREN$ON                                       (abs)        000000
__CFG_WDT$OFF                                         (abs)        000000
__CFG_WDTPS$16384                                     (abs)        000000
__CFG_WRT0$OFF                                        (abs)        000000
__CFG_WRT1$OFF                                        (abs)        000000
__CFG_WRT2$OFF                                        (abs)        000000
__CFG_WRT3$OFF                                        (abs)        000000
__CFG_WRTB$OFF                                        (abs)        000000
__CFG_WRTC$OFF                                        (abs)        000000
__CFG_WRTD$OFF                                        (abs)        000000
__CFG_XINST$OFF                                       (abs)        000000
__HRAM                                                (abs)        000000
__Habs1                                               abs1         000000
__Hbank0                                              bank0        000000
__Hbank1                                              bank1        000000
__Hbank2                                              bank2        000000
__Hbank3                                              bank3        000000
__Hbank4                                              bank4        000000
__Hbank5                                              bank5        000000
__Hbigbss                                             bigbss       000000
__Hbigdata                                            bigdata      000000
__Hbigram                                             bigram       000000
__Hbss                                                bss          000000
__HbssBANK1                                           bssBANK1     000000
__HbssCOMRAM                                          bssCOMRAM    000000
__Hcinit                                              cinit        000000
__Hclrtext                                            clrtext      000000
__Hcomram                                             comram       000000
__Hconfig                                             config       30000E
__Hconst                                              const        000000
__HcstackBANK0                                        cstackBANK0  000000
__HcstackBANK1                                        cstackBANK1  000000
__HcstackCOMRAM                                       cstackCOMRAM 000000
__Hdata                                               data         000000
__Heeprom_data                                        eeprom_data  000000
__Hfarbss                                             farbss       000000
__Hfardata                                            fardata      000000
__Hibigdata                                           ibigdata     000000
__Hidata                                              idata        000000
__Hidloc                                              idloc        200008
__Hifardata                                           ifardata     000000
__Hinit                                               init         000012
__Hintcode                                            intcode      00000E
__Hintcode_body                                       intcode_body 000000
__Hintcodelo                                          intcodelo    00000E
__Hintentry                                           intentry     000000
__Hintret                                             intret       000000
__Hintsave_regs                                       intsave_regs 000000
__Hirdata                                             irdata       000000
__Hmediumconst                                        mediumconst  000000
__HnvFARRAM                                           nvFARRAM     000000
__Hnvbit                                              nvbit        000000
__Hnvrram                                             nvrram       000000
__Hparam                                              rparam       000000
__Hpowerup                                            powerup      00000E
__Hram                                                ram          000000
__Hramtop                                             ramtop       000600
__Hrbit                                               rbit         000000
__Hrbss                                               rbss         000000
__Hrdata                                              rdata        000000
__Hreset_vec                                          reset_vec    000004
__Hrparam                                             rparam       000000
__Hsfr                                                sfr          000000
__Hsmallconst                                         smallconst   0006A8
__Hspace_0                                            (abs)        30000E
__Hspace_1                                            (abs)        0001D9
__Hspace_2                                            (abs)        000000
__Hstack                                              stack        000000
__Hstruct                                             struct       000000
__Htemp                                               temp         000061
__Htext                                               text         000000
__Htext0                                              text0        000000
__Htext1                                              text1        000000
__Htext10                                             text10       000000
__Htext11                                             text11       000000
__Htext12                                             text12       000000
__Htext13                                             text13       000000
__Htext14                                             text14       000000
__Htext15                                             text15       000000
__Htext16                                             text16       000000
__Htext17                                             text17       000000
__Htext18                                             text18       000000
__Htext19                                             text19       000000
__Htext2                                              text2        000000
__Htext20                                             text20       000000
__Htext21                                             text21       000000
__Htext22                                             text22       000000
__Htext23                                             text23       000000
__Htext24                                             text24       000000
__Htext25                                             text25       000000
__Htext26                                             text26       000000
__Htext27                                             text27       000000
__Htext28                                             text28       000000
__Htext29                                             text29       000000
__Htext3                                              text3        000000
__Htext30                                             text30       000000
__Htext31                                             text31       000000
__Htext32                                             text32       000000
__Htext33                                             text33       000000
__Htext34                                             text34       000000
__Htext35                                             text35       000000
__Htext36                                             text36       000000
__Htext37                                             text37       000000
__Htext38                                             text38       000000
__Htext39                                             text39       000000
__Htext4                                              text4        000000
__Htext40                                             text40       000000
__Htext41                                             text41       000000
__Htext42                                             text42       000000
__Htext43                                             text43       000000
__Htext44                                             text44       000000
__Htext45                                             text45       000000
__Htext46                                             text46       000000
__Htext47                                             text47       000000
__Htext48                                             text48       000000
__Htext49                                             text49       000000
__Htext5                                              text5        000000
__Htext50                                             text50       000000
__Htext51                                             text51       000000
__Htext52                                             text52       000000
__Htext53                                             text53       000000
__Htext54                                             text54       000000
__Htext55                                             text55       000000
__Htext56                                             text56       000000
__Htext57                                             text57       000000
__Htext58                                             text58       000000
__Htext6                                              text6        000000
__Htext60                                             text60       000000
__Htext61                                             text61       000000
__Htext62                                             text62       000000
__Htext63                                             text63       000000
__Htext64                                             text64       000000
__Htext65                                             text65       000000
__Htext66                                             text66       000000
__Htext67                                             text67       000000
__Htext68                                             text68       000000
__Htext69                                             text69       000000
__Htext7                                              text7        000000
__Htext70                                             text70       000000
__Htext71                                             text71       000000
__Htext72                                             text72       000000
__Htext73                                             text73       000000
__Htext8                                              text8        000000
__Htext9                                              text9        000000
__LRAM                                                (abs)        000001
__Labs1                                               abs1         000000
__Lbank0                                              bank0        000000
__Lbank1                                              bank1        000000
__Lbank2                                              bank2        000000
__Lbank3                                              bank3        000000
__Lbank4                                              bank4        000000
__Lbank5                                              bank5        000000
__Lbigbss                                             bigbss       000000
__Lbigdata                                            bigdata      000000
__Lbigram                                             bigram       000000
__Lbss                                                bss          000000
__LbssBANK1                                           bssBANK1     000000
__LbssCOMRAM                                          bssCOMRAM    000000
__Lcinit                                              cinit        000000
__Lclrtext                                            clrtext      000000
__Lcomram                                             comram       000000
__Lconfig                                             config       300000
__Lconst                                              const        000000
__LcstackBANK0                                        cstackBANK0  000000
__LcstackBANK1                                        cstackBANK1  000000
__LcstackCOMRAM                                       cstackCOMRAM 000000
__Ldata                                               data         000000
__Leeprom_data                                        eeprom_data  000000
__Lfarbss                                             farbss       000000
__Lfardata                                            fardata      000000
__Libigdata                                           ibigdata     000000
__Lidata                                              idata        000000
__Lidloc                                              idloc        200000
__Lifardata                                           ifardata     000000
__Linit                                               init         00000E
__Lintcode                                            intcode      000008
__Lintcode_body                                       intcode_body 000000
__Lintcodelo                                          intcodelo    00000E
__Lintentry                                           intentry     000000
__Lintret                                             intret       000000
__Lintsave_regs                                       intsave_regs 000000
__Lirdata                                             irdata       000000
__Lmediumconst                                        mediumconst  000000
__LnvFARRAM                                           nvFARRAM     000000
__Lnvbit                                              nvbit        000000
__Lnvrram                                             nvrram       000000
__Lparam                                              rparam       000000
__Lpowerup                                            powerup      00000E
__Lram                                                ram          000000
__Lramtop                                             ramtop       000600
__Lrbit                                               rbit         000000
__Lrbss                                               rbss         000000
__Lrdata                                              rdata        000000
__Lreset_vec                                          reset_vec    000000
__Lrparam                                             rparam       000000
__Lsfr                                                sfr          000000
__Lsmallconst                                         smallconst   000600
__Lspace_0                                            (abs)        000000
__Lspace_1                                            (abs)        000000
__Lspace_2                                            (abs)        000000
__Lstack                                              stack        000000
__Lstruct                                             struct       000000
__Ltemp                                               temp         000060
__Ltext                                               text         000000
__Ltext0                                              text0        000000
__Ltext1                                              text1        000000
__Ltext10                                             text10       000000
__Ltext11                                             text11       000000
__Ltext12                                             text12       000000
__Ltext13                                             text13       000000
__Ltext14                                             text14       000000
__Ltext15                                             text15       000000
__Ltext16                                             text16       000000
__Ltext17                                             text17       000000
__Ltext18                                             text18       000000
__Ltext19                                             text19       000000
__Ltext2                                              text2        000000
__Ltext20                                             text20       000000
__Ltext21                                             text21       000000
__Ltext22                                             text22       000000
__Ltext23                                             text23       000000
__Ltext24                                             text24       000000
__Ltext25                                             text25       000000
__Ltext26                                             text26       000000
__Ltext27                                             text27       000000
__Ltext28                                             text28       000000
__Ltext29                                             text29       000000
__Ltext3                                              text3        000000
__Ltext30                                             text30       000000
__Ltext31                                             text31       000000
__Ltext32                                             text32       000000
__Ltext33                                             text33       000000
__Ltext34                                             text34       000000
__Ltext35                                             text35       000000
__Ltext36                                             text36       000000
__Ltext37                                             text37       000000
__Ltext38                                             text38       000000
__Ltext39                                             text39       000000
__Ltext4                                              text4        000000
__Ltext40                                             text40       000000
__Ltext41                                             text41       000000
__Ltext42                                             text42       000000
__Ltext43                                             text43       000000
__Ltext44                                             text44       000000
__Ltext45                                             text45       000000
__Ltext46                                             text46       000000
__Ltext47                                             text47       000000
__Ltext48                                             text48       000000
__Ltext49                                             text49       000000
__Ltext5                                              text5        000000
__Ltext50                                             text50       000000
__Ltext51                                             text51       000000
__Ltext52                                             text52       000000
__Ltext53                                             text53       000000
__Ltext54                                             text54       000000
__Ltext55                                             text55       000000
__Ltext56                                             text56       000000
__Ltext57                                             text57       000000
__Ltext58                                             text58       000000
__Ltext6                                              text6        000000
__Ltext60                                             text60       000000
__Ltext61                                             text61       000000
__Ltext62                                             text62       000000
__Ltext63                                             text63       000000
__Ltext64                                             text64       000000
__Ltext65                                             text65       000000
__Ltext66                                             text66       000000
__Ltext67                                             text67       000000
__Ltext68                                             text68       000000
__Ltext69                                             text69       000000
__Ltext7                                              text7        000000
__Ltext70                                             text70       000000
__Ltext71                                             text71       000000
__Ltext72                                             text72       000000
__Ltext73                                             text73       000000
__Ltext8                                              text8        000000
__Ltext9                                              text9        000000
__S0                                                  (abs)        30000E
__S1                                                  (abs)        0001D9
__S2                                                  (abs)        000000
___aldiv                                              text14       002250
___aldiv@counter                                      cstackBANK0  000088
___aldiv@dividend                                     cstackBANK0  000080
___aldiv@divisor                                      cstackBANK0  000084
___aldiv@quotient                                     cstackBANK0  00008A
___aldiv@sign                                         cstackBANK0  000089
___fladd                                              text24       0012F0
___fladd@a                                            cstackBANK0  000084
___fladd@aexp                                         cstackBANK0  00008D
___fladd@b                                            cstackBANK0  000080
___fladd@bexp                                         cstackBANK0  00008E
___fladd@grs                                          cstackBANK0  00008F
___fladd@signs                                        cstackBANK0  00008C
___fldiv                                              text27       001BDE
___fldiv@a                                            cstackBANK0  000084
___fldiv@aexp                                         cstackBANK0  000098
___fldiv@b                                            cstackBANK0  000080
___fldiv@bexp                                         cstackBANK0  000097
___fldiv@grs                                          cstackBANK0  000093
___fldiv@new_exp                                      cstackBANK0  000091
___fldiv@rem                                          cstackBANK0  00008C
___fldiv@sign                                         cstackBANK0  000090
___flge                                               text26       002466
___flge@ff1                                           cstackBANK0  000080
___flge@ff2                                           cstackBANK0  000084
___flmul                                              text25       0017B2
___flmul@a                                            cstackBANK0  000088
___flmul@aexp                                         cstackBANK0  000091
___flmul@b                                            cstackBANK0  000084
___flmul@bexp                                         cstackBANK0  000096
___flmul@grs                                          cstackBANK0  000092
___flmul@prod                                         cstackBANK0  000097
___flmul@sign                                         cstackBANK0  000090
___flmul@temp                                         cstackBANK0  00009B
___flsub                                              text23       002DCC
___flsub@a                                            cstackBANK0  000094
___flsub@b                                            cstackBANK0  000090
___fltol                                              text22       00235E
___fltol@exp1                                         cstackBANK0  0000A1
___fltol@f1                                           cstackBANK0  000098
___fltol@sign1                                        cstackBANK0  0000A0
___inthi_sp                                           stack        000000
___intlo_sp                                           stack        000000
___param_bank                                         (abs)        000000
___rparam_used                                        (abs)        000001
___sp                                                 stack        000000
___xxtofl                                             text21       001F7A
___xxtofl@arg                                         cstackBANK0  0000B0
___xxtofl@exp                                         cstackBANK0  0000AF
___xxtofl@sign                                        cstackBANK0  0000AE
___xxtofl@val                                         cstackBANK0  0000A6
__accesstop                                           (abs)        000080
__activetblptr                                        (abs)        000002
__end_of_Application_init                             text9        002250
__end_of_Application_loop                             text1        002A32
__end_of_ButtonConfigurator_config                    text56       003236
__end_of_Button_init                                  text55       003196
__end_of_Button_isPressed                             text6        003152
__end_of_DigitalInput_getValue                        text7        002DCC
__end_of_DigitalInput_init                            text57       002FDC
__end_of_DigitalOutput_close                          text35       00308C
__end_of_DigitalOutput_init                           text45       002F7A
__end_of_DigitalOutput_open                           text34       003060
__end_of_DigitalOutput_set                            text36       002F44
__end_of_EngineConfigurator_configEngines             text18       00274E
__end_of_Engine_getCurrentCoord                       text32       00326C
__end_of_Engine_getDestinationCoord                   text29       0031F6
__end_of_Engine_getStepPerMetrice                     text42       003216
__end_of_Engine_init                                  text17       002F0E
__end_of_Engine_setStepPerMetrice                     text16       0031D6
__end_of_Engine_step                                  text33       002AB0
__end_of_ISR                                          intcode_body 002668
__end_of_L1                                           smallconst   00065D
__end_of_L2                                           smallconst   000659
__end_of_L3                                           smallconst   000655
__end_of_L4                                           smallconst   000651
__end_of_L5                                           smallconst   00064D
__end_of_L6                                           smallconst   000649
__end_of_LedConfigurator_config                       text44       002D06
__end_of_Led_close                                    text5        003034
__end_of_Led_init                                     text43       003286
__end_of_Led_open                                     text4        003008
__end_of_MotionController_control                     text19       0012F0
__end_of_MotionController_getCurrentCoord             text30       002BA8
__end_of_MotionController_getDestinationCoord         text28       002B2C
__end_of_MotionController_init                        text15       00282C
__end_of_P1                                           smallconst   000645
__end_of_P2                                           smallconst   000641
__end_of_P3                                           smallconst   00063D
__end_of_P4                                           smallconst   000639
__end_of_P5                                           smallconst   000635
__end_of_Point_init3D                                 text31       002E58
__end_of_USARTDataReady                               text72       003252
__end_of_USARTInit                                    text10       002ED8
__end_of_USARTReadChar                                text71       0032BA
__end_of_USARTReadString                              text70       0029AE
__end_of_USARTWriteLine                               text2        00312C
__end_of_USARTWriteString                             text3        002C1E
__end_of___aldiv                                      text14       00235E
__end_of___fladd                                      text24       0017B2
__end_of___fldiv                                      text27       001F7A
__end_of___flge                                       text26       00256C
__end_of___flmul                                      text25       001BDE
__end_of___flsub                                      text23       002E14
__end_of___fltol                                      text22       002466
__end_of___xxtofl                                     text21       002132
__end_of__initialization                              cinit        0030F8
__end_of_abs                                          text20       002E9A
__end_of_blueLedInit                                  text46       00337A
__end_of_blueLedSet                                   text37       0032D2
__end_of_bp                                           smallconst   000671
__end_of_button1Init                                  text58       00339E
__end_of_button1Read                                  text8        0031B6
__end_of_calculateSpbrg                               text13       002C92
__end_of_cp                                           smallconst   000621
__end_of_cp_h                                         smallconst   00067D
__end_of_cp_l                                         smallconst   000679
__end_of_dp_h                                         smallconst   000611
__end_of_dp_l                                         smallconst   000609
__end_of_enableInterrupts                             text12       003376
__end_of_huge                                         smallconst   000665
__end_of_ivln2                                        smallconst   00061D
__end_of_ivln2_h                                      smallconst   000675
__end_of_ivln2_l                                      smallconst   000619
__end_of_lg2                                          smallconst   000631
__end_of_lg2_h                                        smallconst   00062D
__end_of_lg2_l                                        smallconst   000629
__end_of_main                                         text0        003174
__end_of_ovt                                          smallconst   000625
__end_of_redLedInit                                   text48       003382
__end_of_redLedSet                                    text38       0032EA
__end_of_setupFunctions                               text11       0028F4
__end_of_tiny                                         smallconst   000661
__end_of_two24                                        smallconst   000669
__end_of_xEngineDirInit                               text51       00338E
__end_of_xEngineDirSet                                text39       003302
__end_of_xEngineMotionInit                            text53       003396
__end_of_xEngineMotionSet                             text40       00331A
__end_of_yEngineDirInit                               text50       00338A
__end_of_yEngineMotionInit                            text52       003392
__end_of_yellowLedInit                                text47       00337E
__end_of_yellowLedSet                                 text41       003332
__end_of_zEngineDirInit                               text49       003386
__end_of_zEngineMotionInit                            text54       00339A
__end_ofi2_DigitalOutput_open                         text63       0030E0
__end_ofi2_DigitalOutput_set                          text64       002FAE
__end_ofi2_Led_open                                   text62       0030B6
__end_ofi2_USARTWriteLine                             text60       0032A0
__end_ofi2_USARTWriteString                           text61       002D70
__end_ofi2_blueLedSet                                 text65       00333E
__end_ofi2_redLedSet                                  text66       00334A
__end_ofi2_xEngineDirSet                              text67       003356
__end_ofi2_xEngineMotionSet                           text68       003362
__end_ofi2_yellowLedSet                               text69       00336E
__end_ofsqrtf@tiny                                    smallconst   000615
__initialization                                      cinit        0030E0
__mediumconst                                         mediumconst  000000
__pbssBANK1                                           bssBANK1     000100
__pbssCOMRAM                                          bssCOMRAM    000032
__pcinit                                              cinit        0030E0
__pcstackBANK0                                        cstackBANK0  000080
__pcstackBANK1                                        cstackBANK1  000171
__pcstackCOMRAM                                       cstackCOMRAM 000001
__pintcode                                            intcode      000008
__pintcode_body                                       intcode_body 00256C
__psmallconst                                         smallconst   000600
__ptext0                                              text0        003152
__ptext1                                              text1        0029AE
__ptext10                                             text10       002E9A
__ptext11                                             text11       00282C
__ptext12                                             text12       00336E
__ptext13                                             text13       002C1E
__ptext14                                             text14       002250
__ptext15                                             text15       00274E
__ptext16                                             text16       0031B6
__ptext17                                             text17       002ED8
__ptext18                                             text18       002668
__ptext19                                             text19       0006A8
__ptext2                                              text2        003106
__ptext20                                             text20       002E58
__ptext21                                             text21       001F7A
__ptext22                                             text22       00235E
__ptext23                                             text23       002DCC
__ptext24                                             text24       0012F0
__ptext25                                             text25       0017B2
__ptext26                                             text26       002466
__ptext27                                             text27       001BDE
__ptext28                                             text28       002AB0
__ptext29                                             text29       0031D6
__ptext3                                              text3        002BA8
__ptext30                                             text30       002B2C
__ptext31                                             text31       002E14
__ptext32                                             text32       003252
__ptext33                                             text33       002A32
__ptext34                                             text34       003034
__ptext35                                             text35       003060
__ptext36                                             text36       002F0E
__ptext37                                             text37       0032BA
__ptext38                                             text38       0032D2
__ptext39                                             text39       0032EA
__ptext4                                              text4        002FDC
__ptext40                                             text40       003302
__ptext41                                             text41       00331A
__ptext42                                             text42       0031F6
__ptext43                                             text43       00326C
__ptext44                                             text44       002C92
__ptext45                                             text45       002F44
__ptext46                                             text46       003376
__ptext47                                             text47       00337A
__ptext48                                             text48       00337E
__ptext49                                             text49       003382
__ptext5                                              text5        003008
__ptext50                                             text50       003386
__ptext51                                             text51       00338A
__ptext52                                             text52       00338E
__ptext53                                             text53       003392
__ptext54                                             text54       003396
__ptext55                                             text55       003174
__ptext56                                             text56       003216
__ptext57                                             text57       002FAE
__ptext58                                             text58       00339A
__ptext6                                              text6        00312C
__ptext60                                             text60       003286
__ptext61                                             text61       002D06
__ptext62                                             text62       00308C
__ptext63                                             text63       0030B6
__ptext64                                             text64       002F7A
__ptext65                                             text65       003332
__ptext66                                             text66       00333E
__ptext67                                             text67       00334A
__ptext68                                             text68       003356
__ptext69                                             text69       003362
__ptext7                                              text7        002D70
__ptext70                                             text70       0028F4
__ptext71                                             text71       0032A0
__ptext72                                             text72       003236
__ptext73                                             text73       000000
__ptext8                                              text8        003196
__ptext9                                              text9        002132
__ramtop                                              ramtop       000600
__size_of_Application_init                            (abs)        000000
__size_of_Application_loop                            (abs)        000000
__size_of_ButtonConfigurator_config                   (abs)        000000
__size_of_Button_init                                 (abs)        000000
__size_of_Button_isPressed                            (abs)        000000
__size_of_DigitalInput_getValue                       (abs)        000000
__size_of_DigitalInput_init                           (abs)        000000
__size_of_DigitalOutput_close                         (abs)        000000
__size_of_DigitalOutput_init                          (abs)        000000
__size_of_DigitalOutput_open                          (abs)        000000
__size_of_DigitalOutput_set                           (abs)        000000
__size_of_EngineConfigurator_configEngines            (abs)        000000
__size_of_Engine_getCurrentCoord                      (abs)        000000
__size_of_Engine_getDestinationCoord                  (abs)        000000
__size_of_Engine_getStepPerMetrice                    (abs)        000000
__size_of_Engine_init                                 (abs)        000000
__size_of_Engine_setStepPerMetrice                    (abs)        000000
__size_of_Engine_step                                 (abs)        000000
__size_of_ISR                                         (abs)        000000
__size_of_LedConfigurator_config                      (abs)        000000
__size_of_Led_close                                   (abs)        000000
__size_of_Led_init                                    (abs)        000000
__size_of_Led_open                                    (abs)        000000
__size_of_MotionController_control                    (abs)        000000
__size_of_MotionController_getCurrentCoord            (abs)        000000
__size_of_MotionController_getDestinationCoord        (abs)        000000
__size_of_MotionController_init                       (abs)        000000
__size_of_Point_init3D                                (abs)        000000
__size_of_USARTDataReady                              (abs)        000000
__size_of_USARTInit                                   (abs)        000000
__size_of_USARTReadChar                               (abs)        000000
__size_of_USARTReadString                             (abs)        000000
__size_of_USARTWriteLine                              (abs)        000000
__size_of_USARTWriteString                            (abs)        000000
__size_of___aldiv                                     (abs)        000000
__size_of___fladd                                     (abs)        000000
__size_of___fldiv                                     (abs)        000000
__size_of___flge                                      (abs)        000000
__size_of___flmul                                     (abs)        000000
__size_of___flsub                                     (abs)        000000
__size_of___fltol                                     (abs)        000000
__size_of___xxtofl                                    (abs)        000000
__size_of_abs                                         (abs)        000000
__size_of_blueLedInit                                 (abs)        000000
__size_of_blueLedSet                                  (abs)        000000
__size_of_button1Init                                 (abs)        000000
__size_of_button1Read                                 (abs)        000000
__size_of_calculateSpbrg                              (abs)        000000
__size_of_enableInterrupts                            (abs)        000000
__size_of_main                                        (abs)        000000
__size_of_redLedInit                                  (abs)        000000
__size_of_redLedSet                                   (abs)        000000
__size_of_setupFunctions                              (abs)        000000
__size_of_xEngineDirInit                              (abs)        000000
__size_of_xEngineDirSet                               (abs)        000000
__size_of_xEngineMotionInit                           (abs)        000000
__size_of_xEngineMotionSet                            (abs)        000000
__size_of_yEngineDirInit                              (abs)        000000
__size_of_yEngineMotionInit                           (abs)        000000
__size_of_yellowLedInit                               (abs)        000000
__size_of_yellowLedSet                                (abs)        000000
__size_of_zEngineDirInit                              (abs)        000000
__size_of_zEngineMotionInit                           (abs)        000000
__size_ofi2_DigitalOutput_open                        (abs)        000000
__size_ofi2_DigitalOutput_set                         (abs)        000000
__size_ofi2_Led_open                                  (abs)        000000
__size_ofi2_USARTWriteLine                            (abs)        000000
__size_ofi2_USARTWriteString                          (abs)        000000
__size_ofi2_blueLedSet                                (abs)        000000
__size_ofi2_redLedSet                                 (abs)        000000
__size_ofi2_xEngineDirSet                             (abs)        000000
__size_ofi2_xEngineMotionSet                          (abs)        000000
__size_ofi2_yellowLedSet                              (abs)        000000
__smallconst                                          smallconst   000600
_abs                                                  text20       002E58
_blueLed                                              bssCOMRAM    000040
_blueLedInit                                          text46       003376
_blueLedOutput                                        bssBANK1     000163
_blueLedSet                                           text37       0032BA
_blueLedSet$intlevel0                                 text37       0032C4
_button                                               bssCOMRAM    000038
_button1Init                                          text58       00339A
_button1Input                                         bssBANK1     00016F
_button1Read                                          text8        003196
_calculateSpbrg                                       text13       002C1E
_enableInterrupts                                     text12       00336E
_errno                                                bssCOMRAM    000036
_main                                                 text0        003152
_motionController                                     bssBANK1     000119
_redLed                                               bssCOMRAM    00003C
[...]
      Params:         2       0       0       0       0       0       0
      Locals:         0       0       0       0       0       0       0
      Temps:          0       0       0       0       0       0       0
      Totals:         2       0       0       0       0       0       0
Total ram usage:        2 bytes
 Hardware stack levels used:    1
 Hardware stack levels required when called:    3
 This function calls:
		i2_DigitalOutput_open
 This function is called by:
		_ISR
 This function uses a non-reentrant model


 *************** function i2_DigitalOutput_open *****************
 Defined at:
		line 11 in file "io/digitalOutput/DigitalOutput.c"
 Parameters:    Size  Location     Type
  output          2    8[COMRAM] PTR struct DigitalOutput
		 -> zEngineDirOutput(4), yEngineDirOutput(4), xEngineDirOutput(4), zEngineMotionOutput(4), 
		 -> yEngineMotionOutput(4), xEngineMotionOutput(4), blueLedOutput(4), redLedOutput(4), 
		 -> yellowLedOutput(4), 
 Auto vars:     Size  Location     Type
		None
 Return value:  Size  Location     Type
                  1    wreg      void 
 Registers used:
		wreg, fsr0l, fsr0h, fsr1l, fsr1h, fsr1l, fsr1h, fsr2l, fsr2h, status,2, status,0, pclath, btemp, btemp+1, btemp+2, btemp+3, btemp+4, btemp+5, btemp+6, btemp+7, btemp+8, btemp+9, btemp+10, btemp+11, btemp+12, btemp+13, btemp+14, btemp+15, btemp+16, btemp+17, btemp+18, btemp+19, btemp+20, btemp+21, btemp+22, btemp+23, btemp+24, btemp+25, btemp+26, btemp+27, btemp+28, btemp+29, btemp+30, btemp+31, tosl, structret, tblptrl, tblptrh, tblptru, prodl, prodh, bsr, cstack
 Tracked objects:
		On entry : 
		On exit  : 
		Unchanged: 
 Data sizes:     COMRAM   BANK0   BANK1   BANK2   BANK3   BANK4   BANK5
      Params:         2       0       0       0       0       0       0
      Locals:         0       0       0       0       0       0       0
      Temps:          0       0       0       0       0       0       0
      Totals:         2       0       0       0       0       0       0
Total ram usage:        2 bytes
 Hardware stack levels used:    1
 Hardware stack levels required when called:    2
 This function calls:
		i2_DigitalOutput_set
 This function is called by:
		i2_Led_open
 This function uses a non-reentrant model


 *************** function i2_DigitalOutput_set *****************
 Defined at:
		line 23 in file "io/digitalOutput/DigitalOutput.c"
 Parameters:    Size  Location     Type
  outputable      2    4[COMRAM] PTR struct DigitalOutput
		 -> zEngineDirOutput(4), yEngineDirOutput(4), xEngineDirOutput(4), zEngineMotionOutput(4), 
		 -> yEngineMotionOutput(4), xEngineMotionOutput(4), blueLedOutput(4), redLedOutput(4), 
		 -> yellowLedOutput(4), 
  value           2    6[COMRAM] int 
 Auto vars:     Size  Location     Type
		None
 Return value:  Size  Location     Type
                  1    wreg      void 
 Registers used:
		wreg, fsr0l, fsr0h, fsr1l, fsr1h, fsr1l, fsr1h, fsr2l, fsr2h, status,2, status,0, pclath, btemp, btemp+1, btemp+2, btemp+3, btemp+4, btemp+5, btemp+6, btemp+7, btemp+8, btemp+9, btemp+10, btemp+11, btemp+12, btemp+13, btemp+14, btemp+15, btemp+16, btemp+17, btemp+18, btemp+19, btemp+20, btemp+21, btemp+22, btemp+23, btemp+24, btemp+25, btemp+26, btemp+27, btemp+28, btemp+29, btemp+30, btemp+31, tosl, structret, tblptrl, tblptrh, tblptru, prodl, prodh, bsr, cstack
 Tracked objects:
		On entry : 
		On exit  : 
		Unchanged: 
 Data sizes:     COMRAM   BANK0   BANK1   BANK2   BANK3   BANK4   BANK5
      Params:         4       0       0       0       0       0       0
      Locals:         0       0       0       0       0       0       0
      Temps:          0       0       0       0       0       0       0
      Totals:         4       0       0       0       0       0       0
Total ram usage:        4 bytes
 Hardware stack levels used:    1
 Hardware stack levels required when called:    1
 This function calls:
		i2_blueLedSet
		i2_redLedSet
		i2_xEngineDirSet
		i2_xEngineMotionSet
		i2_yellowLedSet
 This function is called by:
		i2_DigitalOutput_open
 This function uses a non-reentrant model


 *************** function i2_blueLedSet *****************
 Defined at:
		line 28 in file "led/LedConfigurator.c"
 Parameters:    Size  Location     Type
  button          2    0[COMRAM] PTR struct DigitalOutput
		 -> i2DigitalOutput_set@outputable(2), DigitalOutput_set@outputable(2), 
  value           2    2[COMRAM] int 
 Auto vars:     Size  Location     Type
		None
 Return value:  Size  Location     Type
                  1    wreg      void 
 Registers used:
		None
 Tracked objects:
		On entry : 
		On exit  : 
		Unchanged: 
 Data sizes:     COMRAM   BANK0   BANK1   BANK2   BANK3   BANK4   BANK5
      Params:         4       0       0       0       0       0       0
      Locals:         0       0       0       0       0       0       0
      Temps:          0       0       0       0       0       0       0
      Totals:         4       0       0       0       0       0       0
Total ram usage:        4 bytes
 Hardware stack levels used:    1
 This function calls:
		Nothing
 This function is called by:
 This function uses a non-reentrant model


 *************** function i2_redLedSet *****************
 Defined at:
		line 17 in file "led/LedConfigurator.c"
 Parameters:    Size  Location     Type
  button          2    0[COMRAM] PTR struct DigitalOutput
		 -> DigitalOutput_set@outputable(2), 
  value           2    2[COMRAM] int 
 Auto vars:     Size  Location     Type
		None
 Return value:  Size  Location     Type
                  1    wreg      void 
 Registers used:
		None
 Tracked objects:
		On entry : 
		On exit  : 
		Unchanged: 
 Data sizes:     COMRAM   BANK0   BANK1   BANK2   BANK3   BANK4   BANK5
      Params:         4       0       0       0       0       0       0
      Locals:         0       0       0       0       0       0       0
      Temps:          0       0       0       0       0       0       0
      Totals:         4       0       0       0       0       0       0
Total ram usage:        4 bytes
 Hardware stack levels used:    1
 This function calls:
		Nothing
 This function is called by:
 This function uses a non-reentrant model


 *************** function i2_xEngineDirSet *****************
 Defined at:
		line 42 in file "engine/EngineConfigurator.c"
 Parameters:    Size  Location     Type
  engine          2    0[COMRAM] PTR struct DigitalOutput
		 -> DigitalOutput_set@outputable(2), 
  value           2    2[COMRAM] int 
 Auto vars:     Size  Location     Type
		None
 Return value:  Size  Location     Type
                  1    wreg      void 
 Registers used:
		None
 Tracked objects:
		On entry : 
		On exit  : 
		Unchanged: 
 Data sizes:     COMRAM   BANK0   BANK1   BANK2   BANK3   BANK4   BANK5
      Params:         4       0       0       0       0       0       0
      Locals:         0       0       0       0       0       0       0
      Temps:          0       0       0       0       0       0       0
      Totals:         4       0       0       0       0       0       0
Total ram usage:        4 bytes
 Hardware stack levels used:    1
 This function calls:
		Nothing
 This function is called by:
 This function uses a non-reentrant model


 *************** function i2_xEngineMotionSet *****************
 Defined at:
		line 18 in file "engine/EngineConfigurator.c"
 Parameters:    Size  Location     Type
  engine          2    0[COMRAM] PTR struct DigitalOutput
		 -> DigitalOutput_set@outputable(2), 
  value           2    2[COMRAM] int 
 Auto vars:     Size  Location     Type
		None
 Return value:  Size  Location     Type
                  1    wreg      void 
 Registers used:
		None
 Tracked objects:
		On entry : 
		On exit  : 
		Unchanged: 
 Data sizes:     COMRAM   BANK0   BANK1   BANK2   BANK3   BANK4   BANK5
      Params:         4       0       0       0       0       0       0
      Locals:         0       0       0       0       0       0       0
      Temps:          0       0       0       0       0       0       0
      Totals:         4       0       0       0       0       0       0
Total ram usage:        4 bytes
 Hardware stack levels used:    1
 This function calls:
		Nothing
 This function is called by:
 This function uses a non-reentrant model


 *************** function i2_yellowLedSet *****************
 Defined at:
		line 23 in file "led/LedConfigurator.c"
 Parameters:    Size  Location     Type
  button          2    0[COMRAM] PTR struct DigitalOutput
		 -> DigitalOutput_set@outputable(2), 
  value           2    2[COMRAM] int 
 Auto vars:     Size  Location     Type
		None
 Return value:  Size  Location     Type
                  1    wreg      void 
 Registers used:
		None
 Tracked objects:
		On entry : 
		On exit  : 
		Unchanged: 
 Data sizes:     COMRAM   BANK0   BANK1   BANK2   BANK3   BANK4   BANK5
      Params:         4       0       0       0       0       0       0
      Locals:         0       0       0       0       0       0       0
      Temps:          0       0       0       0       0       0       0
      Totals:         4       0       0       0       0       0       0
Total ram usage:        4 bytes
 Hardware stack levels used:    1
 This function calls:
		Nothing
 This function is called by:
 This function uses a non-reentrant model


 *************** function _USARTReadString *****************
 Defined at:
		line 40 in file "usart/UsartFunctions.h"
 Parameters:    Size  Location     Type
  buf             2    3[COMRAM] PTR unsigned char 
		 -> ISR@tmp(20), 
  max_length      2    5[COMRAM] int 
 Auto vars:     Size  Location     Type
  i               2   12[COMRAM] int 
  tmp             1   14[COMRAM] unsigned char 
 Return value:  Size  Location     Type
                  2    3[COMRAM] int 
 Registers used:
		wreg, fsr2l, fsr2h, status,2, status,0, cstack
 Tracked objects:
		On entry : 
		On exit  : 
		Unchanged: 
 Data sizes:     COMRAM   BANK0   BANK1   BANK2   BANK3   BANK4   BANK5
      Params:         4       0       0       0       0       0       0
      Locals:         3       0       0       0       0       0       0
      Temps:          5       0       0       0       0       0       0
      Totals:        12       0       0       0       0       0       0
Total ram usage:       12 bytes
 Hardware stack levels used:    1
 Hardware stack levels required when called:    2
 This function calls:
		_USARTReadChar
 This function is called by:
		_setupFunctions
		_ISR
 This function uses a non-reentrant model


 *************** function _USARTReadChar *****************
 Defined at:
		line 35 in file "usart/UsartFunctions.h"
 Parameters:    Size  Location     Type
		None
 Auto vars:     Size  Location     Type
		None
 Return value:  Size  Location     Type
                  1    wreg      unsigned char 
 Registers used:
		wreg, status,2, status,0, cstack
 Tracked objects:
		On entry : 
		On exit  : 
		Unchanged: 
 Data sizes:     COMRAM   BANK0   BANK1   BANK2   BANK3   BANK4   BANK5
      Params:         0       0       0       0       0       0       0
      Locals:         0       0       0       0       0       0       0
      Temps:          0       0       0       0       0       0       0
      Totals:         0       0       0       0       0       0       0
Total ram usage:        0 bytes
 Hardware stack levels used:    1
 Hardware stack levels required when called:    1
 This function calls:
		_USARTDataReady
 This function is called by:
		_USARTReadString
		_setupFunctions
 This function uses a non-reentrant model


 *************** function _USARTDataReady *****************
 Defined at:
		line 25 in file "usart/UsartFunctions.h"
 Parameters:    Size  Location     Type
		None
 Auto vars:     Size  Location     Type
		None
 Return value:  Size  Location     Type
                  2    0[COMRAM] int 
 Registers used:
		wreg, status,2
 Tracked objects:
		On entry : 
		On exit  : 
		Unchanged: 
 Data sizes:     COMRAM   BANK0   BANK1   BANK2   BANK3   BANK4   BANK5
      Params:         2       0       0       0       0       0       0
      Locals:         0       0       0       0       0       0       0
      Temps:          1       0       0       0       0       0       0
      Totals:         3       0       0       0       0       0       0
Total ram usage:        3 bytes
 Hardware stack levels used:    1
 This function calls:
		Nothing
 This function is called by:
		_USARTReadChar
		_setupFunctions
 This function uses a non-reentrant model



MODULE INFORMATION

Module		Function		Class		Link	Load	Size
led/LedConfigurator.c
		_redLedSet     		CODE           	32D2	0000	25
		_redLedInit    		CODE           	337E	0000	5
		_LedConfigurator_config		CODE           	2C92	0000	117
		_blueLedSet    		CODE           	32BA	0000	25
		_blueLedInit   		CODE           	3376	0000	5
		_yellowLedSet  		CODE           	331A	0000	25
		_yellowLedInit 		CODE           	337A	0000	5

led/LedConfigurator.c estimated size: 207

button/Button.c
		_Button_init   		CODE           	3174	0000	35
		_Button_isPressed		CODE           	312C	0000	39

button/Button.c estimated size: 74

led/Led.c
		_Led_close     		CODE           	3008	0000	45
		_Led_open      		CODE           	2FDC	0000	45
		_Led_init      		CODE           	326C	0000	27

led/Led.c estimated size: 117

application/Application.c
		_ISR           		CODE           	0008	0000	259
		_Application_loop		CODE           	29AE	0000	133
		_Application_init		CODE           	2132	0000	287

application/Application.c estimated size: 679

E:\Program Files (x86)\Microchip\xc8\v2.10\pic\sources\c99\common\xxtofl.c
		___xxtofl      		CODE           	1F7A	0000	441

E:\Program Files (x86)\Microchip\xc8\v2.10\pic\sources\c99\common\xxtofl.c estimated size: 441

E:\Program Files (x86)\Microchip\xc8\v2.10\pic\sources\c99\common\abs.c
		_abs           		CODE           	2E58	0000	67

E:\Program Files (x86)\Microchip\xc8\v2.10\pic\sources\c99\common\abs.c estimated size: 67

motioncontroller/MotionController.c
		_EngineConfigurator_configEngines		CODE           	2668	0000	231
		_MotionController_getCurrentCoord		CODE           	2B2C	0000	125
		_MotionController_control		CODE           	06A8	0000	3145
		_MotionController_init		CODE           	274E	0000	223
		_MotionController_getDestinationCoord		CODE           	2AB0	0000	125

motioncontroller/MotionController.c estimated size: 3849

button/ButtonConfigurator.c
		_button1Read   		CODE           	3196	0000	33
		_button1Init   		CODE           	339A	0000	5
		_ButtonConfigurator_config		CODE           	3216	0000	33

button/ButtonConfigurator.c estimated size: 71

engine/EngineConfigurator.c
		_xEngineDirInit		CODE           	338A	0000	5
		_yEngineDirInit		CODE           	3386	0000	5
		_zEngineDirInit		CODE           	3382	0000	5
		_xEngineMotionInit		CODE           	3392	0000	5
		_yEngineMotionInit		CODE           	338E	0000	5
		_zEngineMotionInit		CODE           	3396	0000	5
		_xEngineDirSet 		CODE           	32EA	0000	25
		_xEngineMotionSet		CODE           	3302	0000	25

engine/EngineConfigurator.c estimated size: 80

E:\Program Files (x86)\Microchip\xc8\v2.10\pic\sources\c99\common\fltol.c
		___fltol       		CODE           	235E	0000	265

E:\Program Files (x86)\Microchip\xc8\v2.10\pic\sources\c99\common\fltol.c estimated size: 265

Point.c
		_Point_init3D  		CODE           	2E14	0000	69

Point.c estimated size: 69

io/digitalinput/DigitalInput.c
		_DigitalInput_getValue		CODE           	2D70	0000	93
		_DigitalInput_init		CODE           	2FAE	0000	47

io/digitalinput/DigitalInput.c estimated size: 140

E:\Program Files (x86)\Microchip\xc8\v2.10\pic\sources\c99\common\sprcmul.c
		___flmul       		CODE           	17B2	0000	1069

E:\Program Files (x86)\Microchip\xc8\v2.10\pic\sources\c99\common\sprcmul.c estimated size: 1069

E:\Program Files (x86)\Microchip\xc8\v2.10\pic\sources\c99\common\sprcdiv.c
		___fldiv       		CODE           	1BDE	0000	925

E:\Program Files (x86)\Microchip\xc8\v2.10\pic\sources\c99\common\sprcdiv.c estimated size: 925

usart/UsartFunctions.h
		_USARTReadString		CODE           	28F4	0000	187
		_USARTDataReady		CODE           	3236	0000	29
		_USARTWriteString		CODE           	2BA8	0000	119
		_USARTWriteLine		CODE           	3106	0000	39
		_USARTReadChar 		CODE           	32A0	0000	27

usart/UsartFunctions.h estimated size: 401

io/digitalOutput/DigitalOutput.c
		_DigitalOutput_close		CODE           	3060	0000	45
		_DigitalOutput_set		CODE           	2F0E	0000	55
		_DigitalOutput_open		CODE           	3034	0000	45
		_DigitalOutput_init		CODE           	2F44	0000	55

io/digitalOutput/DigitalOutput.c estimated size: 200

engine/Engine.c
		_Engine_step   		CODE           	2A32	0000	127
		_Engine_init   		CODE           	2ED8	0000	55
		_Engine_getStepPerMetrice		CODE           	31F6	0000	33
		_Engine_setStepPerMetrice		CODE           	31B6	0000	33
		_Engine_getDestinationCoord		CODE           	31D6	0000	33
		_Engine_getCurrentCoord		CODE           	3252	0000	27

engine/Engine.c estimated size: 308

shared
		_L5            		SMALLCONST     	0000	0000	0
		_P3            		SMALLCONST     	0000	0000	0
		_L6            		SMALLCONST     	0000	0000	0
		_P4            		SMALLCONST     	0000	0000	0
		_P5            		SMALLCONST     	0000	0000	0
		i2_redLedSet   		CODE           	333E	0000	13
		i2_USARTWriteString		CODE           	2D06	0000	107
		_lg2_l         		SMALLCONST     	0000	0000	0
		_ivln2_l       		SMALLCONST     	0000	0000	0
		i2_blueLedSet  		CODE           	3332	0000	13
		_ivln2         		SMALLCONST     	0000	0000	0
		__initialization		CODE           	30E0	0000	25
		_bp            		SMALLCONST     	0000	0000	0
		_cp            		SMALLCONST     	0000	0000	0
		_cp_h          		SMALLCONST     	0000	0000	0
		_dp_h          		SMALLCONST     	0000	0000	0
		_lg2           		SMALLCONST     	0000	0000	0
		_lg2_h         		SMALLCONST     	0000	0000	0
		_ivln2_h       		SMALLCONST     	0000	0000	0
		_tiny          		SMALLCONST     	0000	0000	0
		sqrtf@tiny     		SMALLCONST     	0000	0000	0
		i2_USARTWriteLine		CODE           	3286	0000	27
		_ovt           		SMALLCONST     	0000	0000	0
		_huge          		SMALLCONST     	0000	0000	0
		i2_DigitalOutput_set		CODE           	2F7A	0000	53
		i2_DigitalOutput_open		CODE           	30B6	0000	43
		_two24         		SMALLCONST     	0000	0000	0
		_cp_l          		SMALLCONST     	0000	0000	0
		i2_Led_open    		CODE           	308C	0000	43
		_dp_l          		SMALLCONST     	0000	0000	0
		_L1            		SMALLCONST     	0000	0000	0
		i2_xEngineDirSet		CODE           	334A	0000	13
		_L2            		SMALLCONST     	0000	0000	0
		i2_yellowLedSet		CODE           	3362	0000	13
		_L3            		SMALLCONST     	0000	0000	0
		_P1            		SMALLCONST     	0000	0000	0
		i2_xEngineMotionSet		CODE           	3356	0000	13
		_L4            		SMALLCONST     	0000	0000	0
		_P2            		SMALLCONST     	0000	0000	0

shared estimated size: 363

usart/Usart.c
		_setupFunctions		CODE           	282C	0000	201
		_calculateSpbrg		CODE           	2C1E	0000	117
		_USARTInit     		CODE           	2E9A	0000	63
		_enableInterrupts		CODE           	336E	0000	9

usart/Usart.c estimated size: 390

E:\Program Files (x86)\Microchip\xc8\v2.10\pic\sources\c99\common\aldiv.c
		___aldiv       		CODE           	2250	0000	271

E:\Program Files (x86)\Microchip\xc8\v2.10\pic\sources\c99\common\aldiv.c estimated size: 271

E:\Program Files (x86)\Microchip\xc8\v2.10\pic\sources\c99\common\flge.c
		___flge        		CODE           	2466	0000	263

E:\Program Files (x86)\Microchip\xc8\v2.10\pic\sources\c99\common\flge.c estimated size: 263

main.c
		_main          		CODE           	3152	0000	35

main.c estimated size: 35

E:\Program Files (x86)\Microchip\xc8\v2.10\pic\sources\c99\common\sprcadd.c
		___flsub       		CODE           	2DCC	0000	73
		___fladd       		CODE           	12F0	0000	1219

E:\Program Files (x86)\Microchip\xc8\v2.10\pic\sources\c99\common\sprcadd.c estimated size: 1292

